2026-03-02 00:37:32 [INFO]: Server running on port 5000
2026-03-02 00:37:37 [INFO]: Server running on port 5000
2026-03-02 00:37:38 [INFO]: GET /
2026-03-02 11:27:13 [INFO]: Server running on port 5000
2026-03-02 11:27:13 [INFO]: GET /
2026-03-02 11:27:13 [INFO]: HEAD /
2026-03-02 11:27:13 [INFO]: GET /
2026-03-03 14:29:45 [INFO]: Server running on port 5000
2026-03-03 15:05:52 [INFO]: Server running on port 5000
2026-03-03 15:36:14 [INFO]: Server running on port 5000
2026-03-03 15:40:21 [INFO]: POST /api/auth/register
2026-03-03 15:52:24 [INFO]: POST /api/auth/register
2026-03-03 15:52:44 [INFO]: POST /api/auth/register
2026-03-03 15:52:58 [INFO]: POST /api/auth/register
2026-03-03 15:55:59 [INFO]: Server running on port 5000
2026-03-03 16:02:22 [INFO]: POST /api/auth/register
2026-03-03 16:05:51 [INFO]: POST /api/auth/register
2026-03-03 16:07:45 [INFO]: Server running on port 5000
2026-03-03 16:10:38 [INFO]: POST /api/auth/register
2026-03-03 16:12:24 [INFO]: POST /api/auth/register
2026-03-03 16:16:18 [INFO]: POST /api/auth/register
2026-03-03 16:23:27 [INFO]: Server running on port 5000
2026-03-03 16:24:01 [INFO]: Server running on port 5000
2026-03-03 16:24:28 [INFO]: Server running on port 5000
2026-03-03 16:25:10 [INFO]: Server running on port 5000
2026-03-03 16:28:11 [INFO]: POST /api/auth/register
2026-03-03 16:28:12 [INFO]: 📱 OTP for +94713147470: 105525
2026-03-03 16:52:52 [INFO]: POST /api/auth/register
2026-03-03 16:52:53 [INFO]: 📱 OTP for +94713147470: 690392
2026-03-03 18:18:41 [INFO]: Server running on port 5000
2026-03-03 18:18:58 [INFO]: Server running on port 5000
2026-03-03 18:19:27 [INFO]: Server running on port 5000
2026-03-03 18:21:41 [INFO]: Server running on port 5000
2026-03-03 18:30:21 [INFO]: Server running on port 5000
2026-03-03 18:30:56 [INFO]: GET /api/doctors
2026-03-03 18:31:11 [INFO]: GET /api/health-tips
2026-03-03 18:34:57 [ERROR]: Uncaught Exception: listen EADDRINUSE: address already in use :::5000
2026-03-03 18:36:32 [INFO]: GET /api/doctors/dashboard
2026-03-03 18:36:32 [INFO]: POST /api/auth/refresh-token
2026-03-03 18:36:54 [ERROR]: Uncaught Exception: listen EADDRINUSE: address already in use :::5000
2026-03-03 18:37:30 [INFO]: Server running on port 5000
2026-03-03 18:38:36 [ERROR]: Uncaught Exception: listen EADDRINUSE: address already in use :::5000
2026-03-03 18:40:58 [INFO]: Server running on port 5000
2026-03-03 18:50:53 [INFO]: Server running on port 5000
2026-03-03 18:51:16 [INFO]: GET /api/doctors
2026-03-03 18:51:29 [INFO]: POST /api/auth/login
2026-03-03 18:51:30 [INFO]: GET /api/doctors/dashboard
2026-03-03 18:51:37 [INFO]: GET /api/appointments?date=2026-03-03
2026-03-03 18:51:39 [INFO]: GET /api/doctors/patients
2026-03-03 18:51:42 [INFO]: GET /api/doctors/earnings
2026-03-03 18:51:48 [INFO]: GET /api/doctors/profile
2026-03-03 18:52:00 [INFO]: POST /api/auth/login
2026-03-03 18:52:01 [INFO]: GET /api/doctors/dashboard
2026-03-03 18:53:15 [INFO]: GET /api/doctors/profile
2026-03-03 18:53:50 [INFO]: POST /api/auth/login
2026-03-03 18:53:50 [INFO]: GET /api/appointments?status=confirmed
2026-03-03 18:53:51 [INFO]: GET /api/health-tips?language=en
2026-03-03 18:54:03 [INFO]: GET /api/appointments?status=confirmed
2026-03-03 18:54:03 [INFO]: GET /api/health-tips?language=en
2026-03-03 18:54:07 [INFO]: GET /api/appointments
2026-03-03 18:54:09 [INFO]: GET /api/appointments
2026-03-03 18:54:23 [INFO]: GET /api/health-records
2026-03-03 18:54:28 [INFO]: GET /api/health-records?category=prescription
2026-03-03 18:54:30 [INFO]: GET /api/health-records?category=lab_report
2026-03-03 18:54:32 [INFO]: GET /api/health-records?category=imaging
2026-03-03 18:54:33 [INFO]: GET /api/health-records?category=other
2026-03-03 18:54:35 [INFO]: GET /api/health-records
2026-03-03 18:54:37 [INFO]: GET /api/patients/profile
2026-03-03 18:54:40 [INFO]: GET /api/appointments?status=confirmed
2026-03-03 18:54:40 [INFO]: GET /api/health-tips?language=en
2026-03-03 18:54:44 [INFO]: GET /api/appointments?status=confirmed
2026-03-03 18:54:44 [INFO]: GET /api/health-tips?language=en
2026-03-03 18:54:45 [INFO]: GET /api/appointments?status=confirmed
2026-03-03 18:54:45 [INFO]: GET /api/health-tips?language=en
2026-03-03 18:54:48 [INFO]: GET /api/appointments?status=confirmed
2026-03-03 18:54:48 [INFO]: GET /api/health-tips?language=en
2026-03-03 18:54:49 [INFO]: GET /api/appointments
2026-03-03 18:54:51 [INFO]: GET /api/health-records
2026-03-03 18:54:52 [INFO]: GET /api/appointments?status=confirmed
2026-03-03 18:54:52 [INFO]: GET /api/health-tips?language=en
2026-03-03 18:54:53 [INFO]: GET /api/patients/profile
2026-03-03 18:54:53 [INFO]: GET /api/appointments?status=confirmed
2026-03-03 18:54:53 [INFO]: GET /api/health-tips?language=en
2026-03-03 18:54:54 [INFO]: GET /api/patients/profile
2026-03-03 21:09:10 [INFO]: Server running on port 5000
2026-03-03 21:09:10 [ERROR]: Uncaught Exception: listen EADDRINUSE: address already in use :::5000
2026-03-03 21:09:20 [INFO]: Server running on port 5000
2026-03-03 21:09:20 [ERROR]: Uncaught Exception: listen EADDRINUSE: address already in use :::5000
2026-03-03 21:09:35 [INFO]: Server running on port 5000
2026-03-03 21:09:35 [ERROR]: Uncaught Exception: listen EADDRINUSE: address already in use :::5000
2026-03-03 21:10:06 [INFO]: Server running on port 5000
2026-03-03 21:10:06 [ERROR]: Uncaught Exception: listen EADDRINUSE: address already in use :::5000
2026-03-03 21:10:27 [INFO]: Server running on port 5000
2026-03-03 21:10:27 [ERROR]: Uncaught Exception: listen EADDRINUSE: address already in use :::5000
2026-03-03 21:10:32 [INFO]: Server running on port 5000
2026-03-03 21:10:32 [ERROR]: Uncaught Exception: listen EADDRINUSE: address already in use :::5000
2026-03-03 21:11:02 [INFO]: Server running on port 5000
2026-03-03 21:11:02 [ERROR]: Uncaught Exception: listen EADDRINUSE: address already in use :::5000
2026-03-03 21:11:11 [INFO]: Server running on port 5000
2026-03-03 21:11:11 [ERROR]: Uncaught Exception: listen EADDRINUSE: address already in use :::5000
2026-03-03 21:12:45 [INFO]: Server running on port 5000
2026-03-03 21:12:46 [ERROR]: Uncaught Exception: listen EADDRINUSE: address already in use :::5000
2026-03-03 21:22:09 [INFO]: POST /api/auth/login
2026-03-03 21:22:10 [INFO]: GET /api/doctors/dashboard
2026-03-03 21:22:12 [INFO]: GET /api/appointments?date=2026-03-03
2026-03-03 21:22:16 [INFO]: GET /api/doctors/patients
2026-03-03 21:22:18 [INFO]: GET /api/doctors/earnings
2026-03-03 21:22:25 [INFO]: GET /api/doctors/dashboard
2026-03-03 21:22:33 [INFO]: GET /api/doctors/earnings
2026-03-03 21:22:37 [INFO]: GET /api/doctors/profile
2026-03-03 21:22:59 [INFO]: POST /api/auth/login
2026-03-03 21:23:00 [INFO]: GET /api/appointments?status=confirmed
2026-03-03 21:23:00 [INFO]: GET /api/health-tips?language=en
2026-03-03 21:23:14 [INFO]: GET /api/appointments
2026-03-03 21:23:17 [INFO]: GET /api/health-records
2026-03-03 21:23:18 [INFO]: GET /api/patients/profile
2026-03-03 21:23:20 [INFO]: GET /api/appointments?status=confirmed
2026-03-03 21:23:20 [INFO]: GET /api/health-tips?language=en
2026-03-03 21:23:24 [INFO]: GET /api/patients/profile
2026-03-03 21:23:54 [INFO]: POST /api/auth/login
2026-03-03 21:23:54 [INFO]: GET /api/doctors/dashboard
2026-03-03 21:23:59 [INFO]: GET /api/appointments?date=2026-03-03
2026-03-03 21:24:00 [INFO]: GET /api/doctors/patients
2026-03-03 21:24:02 [INFO]: GET /api/doctors/earnings
2026-03-03 21:24:05 [INFO]: GET /api/doctors/profile
2026-03-03 21:24:18 [INFO]: POST /api/auth/login
2026-03-03 21:24:19 [INFO]: GET /api/appointments?status=confirmed
2026-03-03 21:24:19 [INFO]: GET /api/health-tips?language=en
2026-03-03 21:24:22 [INFO]: GET /api/appointments
2026-03-03 21:24:25 [INFO]: GET /api/health-records
2026-03-03 21:24:26 [INFO]: GET /api/patients/profile
2026-03-04 08:02:43 [INFO]: Server running on port 5000
2026-03-04 08:02:43 [ERROR]: Uncaught Exception: listen EADDRINUSE: address already in use :::5000
2026-03-04 08:02:54 [INFO]: Server running on port 5000
2026-03-04 08:02:55 [ERROR]: Uncaught Exception: listen EADDRINUSE: address already in use :::5000
2026-03-04 08:06:20 [INFO]: Server running on port 5000
2026-03-04 08:06:20 [ERROR]: Uncaught Exception: listen EADDRINUSE: address already in use :::5000
2026-03-04 08:06:27 [INFO]: Server running on port 5000
2026-03-04 08:06:27 [ERROR]: Uncaught Exception: listen EADDRINUSE: address already in use :::5000
2026-03-04 08:06:44 [INFO]: Server running on port 5000
2026-03-04 08:06:44 [ERROR]: Uncaught Exception: listen EADDRINUSE: address already in use :::5000
2026-03-04 08:07:11 [INFO]: Server running on port 5000
2026-03-04 08:07:11 [ERROR]: Uncaught Exception: listen EADDRINUSE: address already in use :::5000
2026-03-04 08:07:55 [INFO]: Server running on port 5000
2026-03-04 08:07:55 [ERROR]: Uncaught Exception: listen EADDRINUSE: address already in use :::5000
2026-03-04 08:08:04 [INFO]: Server running on port 5000
2026-03-04 08:08:04 [ERROR]: Uncaught Exception: listen EADDRINUSE: address already in use :::5000
2026-03-04 08:11:58 [INFO]: POST /api/auth/login
2026-03-04 08:11:59 [INFO]: GET /api/appointments?status=confirmed
2026-03-04 08:11:59 [INFO]: GET /api/health-tips?language=en
2026-03-04 08:12:02 [INFO]: GET /api/appointments/69a6d986d29481c185d7ce60
2026-03-04 08:12:13 [INFO]: GET /api/appointments?status=confirmed
2026-03-04 08:12:13 [INFO]: GET /api/health-tips?language=en
2026-03-04 08:12:15 [INFO]: GET /api/doctors
2026-03-04 08:12:20 [INFO]: GET /api/doctors/69a6d984d29481c185d7ce40
2026-03-04 08:12:20 [INFO]: GET /api/doctors/69a6d984d29481c185d7ce40/reviews
2026-03-04 08:12:24 [INFO]: GET /api/doctors
2026-03-04 08:12:26 [INFO]: GET /api/doctors
2026-03-04 08:12:28 [INFO]: GET /api/doctors/69a6d984d29481c185d7ce3e
2026-03-04 08:12:28 [INFO]: GET /api/doctors/69a6d984d29481c185d7ce3e/reviews
2026-03-04 08:12:35 [INFO]: GET /api/doctors/69a6d984d29481c185d7ce3e
2026-03-04 08:12:35 [INFO]: GET /api/doctors/69a6d984d29481c185d7ce3e/reviews
2026-03-04 08:13:44 [INFO]: GET /api/doctors
2026-03-04 08:13:47 [INFO]: GET /api/doctors?specialization=General+Practitioner
2026-03-04 08:13:48 [INFO]: GET /api/doctors
2026-03-04 08:13:53 [INFO]: GET /api/doctors/69a6d984d29481c185d7ce42
2026-03-04 08:13:53 [INFO]: GET /api/doctors/69a6d984d29481c185d7ce42/reviews
2026-03-04 08:14:00 [INFO]: GET /api/doctors
2026-03-04 08:14:02 [INFO]: GET /api/doctors
2026-03-04 08:14:03 [INFO]: GET /api/appointments/69a6d986d29481c185d7ce60
2026-03-04 08:14:20 [INFO]: PUT /api/appointments/69a6d986d29481c185d7ce60/cancel
2026-03-04 08:14:22 [INFO]: GET /api/doctors
2026-03-04 08:14:24 [INFO]: GET /api/appointments/69a6d986d29481c185d7ce60
2026-03-04 08:14:27 [INFO]: GET /api/appointments/69a6d986d29481c185d7ce60
2026-03-04 08:14:29 [INFO]: GET /api/appointments/69a6d986d29481c185d7ce60
2026-03-04 08:14:31 [INFO]: GET /api/doctors
2026-03-04 08:14:32 [INFO]: GET /api/appointments/69a6d986d29481c185d7ce60
2026-03-04 08:14:36 [INFO]: GET /api/appointments/69a6d986d29481c185d7ce60
2026-03-04 08:14:37 [INFO]: GET /api/symptoms/history
2026-03-04 08:14:47 [INFO]: GET /api/health-records
2026-03-04 08:14:56 [INFO]: GET /api/health-records
2026-03-04 08:14:59 [INFO]: GET /api/health-records
2026-03-04 08:15:00 [INFO]: GET /api/patients/profile
2026-03-04 08:15:26 [INFO]: GET /api/patients/profile
2026-03-04 08:15:32 [INFO]: GET /api/patients/profile
2026-03-04 08:17:48 [INFO]: GET /api/doctors
2026-03-04 08:17:49 [INFO]: GET /api/doctors/69a6d984d29481c185d7ce44
2026-03-04 08:17:49 [INFO]: GET /api/doctors/69a6d984d29481c185d7ce44/reviews
2026-03-04 08:17:51 [INFO]: GET /api/doctors
2026-03-04 08:17:53 [INFO]: GET /api/doctors
2026-03-04 08:17:54 [INFO]: GET /api/appointments?status=confirmed
2026-03-04 08:17:54 [INFO]: GET /api/health-tips?language=en
2026-03-04 08:17:58 [INFO]: GET /api/appointments?status=confirmed
2026-03-04 08:17:58 [INFO]: GET /api/health-tips?language=en
2026-03-04 08:17:59 [INFO]: GET /api/appointments?status=confirmed
2026-03-04 08:17:59 [INFO]: GET /api/health-tips?language=en
2026-03-04 08:18:01 [INFO]: GET /api/notifications
2026-03-04 08:18:04 [INFO]: GET /api/patients/profile
2026-03-04 08:18:13 [INFO]: GET /api/appointments?status=confirmed
2026-03-04 08:18:13 [INFO]: GET /api/health-tips?language=en
2026-03-04 08:18:18 [INFO]: GET /api/appointments?status=confirmed
2026-03-04 08:18:18 [INFO]: GET /api/health-tips?language=en
2026-03-04 08:18:19 [INFO]: GET /api/appointments?status=confirmed
2026-03-04 08:18:19 [INFO]: GET /api/health-tips?language=en
2026-03-04 08:18:21 [INFO]: GET /api/appointments?status=confirmed
2026-03-04 08:18:21 [INFO]: GET /api/health-tips?language=en
2026-03-04 08:18:23 [INFO]: GET /api/appointments?status=confirmed
2026-03-04 08:18:23 [INFO]: GET /api/health-tips?language=en
2026-03-04 08:18:24 [INFO]: GET /api/appointments?status=confirmed
2026-03-04 08:18:24 [INFO]: GET /api/health-tips?language=en
2026-03-04 08:18:26 [INFO]: GET /api/appointments/69a6d986d29481c185d7ce60
2026-03-04 08:18:34 [INFO]: GET /api/appointments?status=confirmed
2026-03-04 08:18:34 [INFO]: GET /api/health-tips?language=en
2026-03-04 08:18:38 [INFO]: GET /api/symptoms/history
2026-03-04 08:19:22 [INFO]: GET /api/appointments?status=confirmed
2026-03-04 08:19:22 [INFO]: GET /api/health-tips?language=en
2026-03-04 08:19:24 [INFO]: GET /api/doctors
2026-03-04 08:19:29 [INFO]: GET /api/appointments?status=confirmed
2026-03-04 08:19:29 [INFO]: GET /api/health-tips?language=en
2026-03-04 08:19:31 [INFO]: GET /api/appointments/69a6d986d29481c185d7ce60
2026-03-04 08:19:31 [INFO]: GET /api/symptoms/history
2026-03-04 08:19:32 [INFO]: GET /api/health-records
2026-03-04 08:19:35 [INFO]: GET /api/patients/profile
2026-03-04 08:19:55 [INFO]: GET /api/health-tips?language=en
2026-03-04 08:19:55 [INFO]: GET /api/appointments?status=confirmed
2026-03-04 08:19:56 [INFO]: GET /api/appointments?status=confirmed
2026-03-04 08:19:56 [INFO]: GET /api/health-tips?language=en
2026-03-04 08:20:06 [INFO]: GET /api/appointments?status=confirmed
2026-03-04 08:20:06 [INFO]: GET /api/health-tips?language=en
2026-03-04 08:20:09 [INFO]: GET /api/appointments/69a6d986d29481c185d7ce60
2026-03-04 08:20:10 [INFO]: GET /api/symptoms/history
2026-03-04 08:20:11 [INFO]: GET /api/health-records
2026-03-04 08:20:12 [INFO]: GET /api/patients/profile
2026-03-04 08:26:05 [INFO]: Server running on port 5000
2026-03-04 08:26:05 [ERROR]: Uncaught Exception: listen EADDRINUSE: address already in use :::5000
2026-03-04 08:26:15 [INFO]: Server running on port 5000
2026-03-04 08:26:16 [ERROR]: Uncaught Exception: listen EADDRINUSE: address already in use :::5000
2026-03-04 08:26:23 [INFO]: Server running on port 5000
2026-03-04 08:26:23 [ERROR]: Uncaught Exception: listen EADDRINUSE: address already in use :::5000
2026-03-04 08:26:38 [INFO]: Server running on port 5000
2026-03-04 08:26:38 [ERROR]: Uncaught Exception: listen EADDRINUSE: address already in use :::5000
2026-03-04 08:26:48 [INFO]: Server running on port 5000
2026-03-04 08:26:48 [ERROR]: Uncaught Exception: listen EADDRINUSE: address already in use :::5000
2026-03-04 08:27:48 [INFO]: Server running on port 5000
2026-03-04 08:27:48 [ERROR]: Uncaught Exception: listen EADDRINUSE: address already in use :::5000
2026-03-04 08:39:59 [INFO]: Server running on port 5000
2026-03-04 08:39:59 [ERROR]: Uncaught Exception: listen EADDRINUSE: address already in use :::5000
2026-03-04 08:40:05 [INFO]: Server running on port 5000
2026-03-04 08:40:06 [ERROR]: Uncaught Exception: listen EADDRINUSE: address already in use :::5000
2026-03-04 08:40:10 [INFO]: Server running on port 5000
2026-03-04 08:40:11 [ERROR]: Uncaught Exception: listen EADDRINUSE: address already in use :::5000
2026-03-04 08:40:16 [INFO]: Server running on port 5000
2026-03-04 08:40:16 [ERROR]: Uncaught Exception: listen EADDRINUSE: address already in use :::5000
2026-03-04 08:40:30 [INFO]: Server running on port 5000
2026-03-04 08:40:31 [ERROR]: Uncaught Exception: listen EADDRINUSE: address already in use :::5000
2026-03-04 08:40:57 [INFO]: Server running on port 5000
2026-03-04 08:40:57 [ERROR]: Uncaught Exception: listen EADDRINUSE: address already in use :::5000
2026-03-04 08:41:39 [INFO]: Server running on port 5000
2026-03-04 08:41:39 [ERROR]: Uncaught Exception: listen EADDRINUSE: address already in use :::5000
2026-03-04 08:42:02 [INFO]: Server running on port 5000
2026-03-04 08:42:02 [ERROR]: Uncaught Exception: listen EADDRINUSE: address already in use :::5000
2026-03-04 08:42:23 [INFO]: Server running on port 5000
2026-03-04 08:42:24 [ERROR]: Uncaught Exception: listen EADDRINUSE: address already in use :::5000
2026-03-04 08:52:20 [INFO]: GET /api/appointments?status=confirmed
2026-03-04 08:52:20 [INFO]: GET /api/health-tips?language=en
2026-03-04 08:52:20 [INFO]: GET /api/doctors
2026-03-04 08:52:20 [INFO]: POST /api/auth/refresh-token
2026-03-04 08:52:41 [INFO]: POST /api/auth/login
2026-03-04 08:52:42 [INFO]: GET /api/doctors/dashboard
2026-03-04 08:52:55 [INFO]: GET /api/appointments?date=2026-03-04
2026-03-04 08:53:01 [INFO]: GET /api/doctors/patients
2026-03-04 08:53:05 [INFO]: GET /api/doctors/earnings
2026-03-04 08:53:11 [INFO]: GET /api/doctors/profile
2026-03-04 08:53:23 [INFO]: POST /api/auth/login
2026-03-04 08:53:30 [INFO]: POST /api/auth/login
2026-03-04 08:54:27 [INFO]: POST /api/auth/login
2026-03-04 08:54:59 [INFO]: POST /api/auth/login
2026-03-04 08:55:00 [INFO]: GET /api/admin/dashboard
2026-03-04 08:55:08 [INFO]: GET /api/admin/users
2026-03-04 08:55:10 [INFO]: GET /api/admin/users/69a7a027e74b665771202755
2026-03-04 08:55:12 [INFO]: GET /api/admin/users
2026-03-04 08:55:17 [INFO]: GET /api/admin/appointment-analytics
2026-03-04 08:55:17 [INFO]: GET /api/admin/dashboard
2026-03-04 08:55:37 [INFO]: GET /api/notifications
2026-03-04 08:55:58 [INFO]: POST /api/auth/login
2026-03-04 08:55:59 [INFO]: GET /api/appointments?status=confirmed
2026-03-04 08:55:59 [INFO]: GET /api/health-tips?language=en
2026-03-04 08:55:59 [INFO]: GET /api/doctors
2026-03-04 08:56:06 [INFO]: GET /api/appointments
2026-03-04 08:56:08 [INFO]: GET /api/symptoms/history
2026-03-04 08:56:08 [INFO]: GET /api/health-records
2026-03-04 08:56:11 [INFO]: GET /api/patients/profile
2026-03-04 08:56:13 [INFO]: GET /api/appointments?status=confirmed
2026-03-04 08:56:13 [INFO]: GET /api/health-tips?language=en
2026-03-04 08:56:13 [INFO]: GET /api/doctors
2026-03-04 08:56:15 [INFO]: GET /api/doctors
2026-03-04 08:56:17 [INFO]: GET /api/appointments?status=confirmed
2026-03-04 08:56:17 [INFO]: GET /api/health-tips?language=en
2026-03-04 08:56:17 [INFO]: GET /api/doctors
2026-03-04 08:56:17 [INFO]: GET /api/symptoms/history
2026-03-04 08:56:20 [INFO]: GET /api/appointments?status=confirmed
2026-03-04 08:56:20 [INFO]: GET /api/health-tips?language=en
2026-03-04 08:56:20 [INFO]: GET /api/doctors
2026-03-04 08:56:24 [INFO]: GET /api/appointments?status=confirmed
2026-03-04 08:56:24 [INFO]: GET /api/health-tips?language=en
2026-03-04 08:56:24 [INFO]: GET /api/doctors
2026-03-04 08:56:25 [INFO]: GET /api/appointments
2026-03-04 08:56:27 [INFO]: GET /api/appointments/69a7a027e74b665771202770
2026-03-04 08:56:31 [INFO]: GET /api/appointments
2026-03-04 08:56:32 [INFO]: GET /api/appointments/69a7a027e74b66577120276f
2026-03-04 08:56:34 [INFO]: GET /api/appointments
2026-03-04 08:56:37 [INFO]: GET /api/symptoms/history
2026-03-04 08:56:39 [INFO]: GET /api/health-records
2026-03-04 08:56:45 [INFO]: GET /api/health-records
2026-03-04 08:56:46 [INFO]: GET /api/patients/profile
2026-03-04 08:56:47 [INFO]: GET /api/health-records
2026-03-04 08:56:48 [INFO]: GET /api/appointments?status=confirmed
2026-03-04 08:56:48 [INFO]: GET /api/health-tips?language=en
2026-03-04 08:56:48 [INFO]: GET /api/doctors
2026-03-04 11:50:33 [INFO]: Server running on port 5000
2026-03-04 13:15:53 [ERROR]: Uncaught Exception: listen EADDRINUSE: address already in use :::5000
2026-03-04 13:17:27 [INFO]: Server running on port 5000
2026-03-04 13:18:53 [INFO]: GET /api/appointments?status=confirmed
2026-03-04 13:18:53 [INFO]: GET /api/health-tips?language=en
2026-03-04 13:18:53 [INFO]: GET /api/doctors
2026-03-04 13:18:53 [INFO]: POST /api/auth/refresh-token
2026-03-04 13:18:53 [INFO]: GET /api/appointments?status=confirmed
2026-03-04 13:18:57 [INFO]: GET /api/appointments
2026-03-04 13:19:00 [INFO]: GET /api/appointments?status=confirmed
2026-03-04 13:19:00 [INFO]: GET /api/health-tips?language=en
2026-03-04 13:19:00 [INFO]: GET /api/doctors
2026-03-04 13:19:01 [INFO]: GET /api/symptoms/history
2026-03-04 13:19:02 [INFO]: GET /api/health-records
2026-03-04 13:19:03 [INFO]: GET /api/patients/profile
2026-03-04 13:19:07 [INFO]: GET /api/appointments?status=confirmed
2026-03-04 13:19:07 [INFO]: GET /api/health-tips?language=en
2026-03-04 13:19:07 [INFO]: GET /api/doctors
2026-03-04 13:19:10 [INFO]: GET /api/patients/profile
2026-03-04 13:19:15 [INFO]: GET /api/appointments?status=confirmed
2026-03-04 13:19:15 [INFO]: GET /api/health-tips?language=en
2026-03-04 13:19:15 [INFO]: GET /api/doctors
2026-03-04 13:25:44 [INFO]: POST /api/auth/login
2026-03-04 13:25:46 [INFO]: GET /api/doctors/dashboard
2026-03-04 13:25:59 [INFO]: GET /api/appointments?date=2026-03-04
2026-03-04 13:26:03 [INFO]: GET /api/doctors/patients
2026-03-04 13:26:10 [INFO]: GET /api/doctors/patients
2026-03-04 13:26:14 [INFO]: GET /api/doctors/patients
2026-03-04 13:26:15 [INFO]: GET /api/doctors/earnings
2026-03-04 13:26:28 [INFO]: GET /api/doctors/profile
2026-03-04 13:27:39 [INFO]: POST /api/auth/login
2026-03-04 13:27:39 [INFO]: GET /api/admin/dashboard
2026-03-04 13:27:49 [INFO]: GET /api/admin/users
2026-03-04 13:27:54 [INFO]: GET /api/admin/users/69a7a027e74b665771202753
2026-03-04 13:27:56 [INFO]: GET /api/admin/users
2026-03-04 13:28:05 [INFO]: GET /api/admin/dashboard
2026-03-04 13:28:05 [INFO]: GET /api/admin/appointment-analytics
2026-03-04 13:28:12 [INFO]: GET /api/admin/revenue
2026-03-04 13:28:52 [INFO]: GET /api/admin/dashboard
2026-03-04 13:28:55 [INFO]: GET /api/admin/dashboard
2026-03-04 13:28:55 [INFO]: GET /api/admin/appointment-analytics
